// Jest Snapshot v1, https://goo.gl/fbAQLP

exports[`matches snapshot 1`] = `
<DocumentFragment>
  <div>
    <h2>
      Todo List
    </h2>
    <div>
      <form>
        <label
          for="task"
        >
          Task: 
        </label>
        <input
          id="task"
          name="task"
          type="text"
          value=""
        />
        <button>
          Add a todo
        </button>
      </form>
    </div>
    <ul />
  </div>
</DocumentFragment>
`;
